python : F
At line:1 char:1
+ python 
test_registration.py 
> test_output.txt 2>&1
+ ~~~~~~~~~~~~~~~~~~~~
~~~~~~~~~~~~~~~~~~~~~~
~~~~~~~~
    + CategoryInfo    
          : NotSpeci  
  fied: (F:String)    
 [], RemoteExcepti    
on
    + FullyQualifiedE 
   rrorId : NativeCo  
  mmandError
 
======================
======================
======================
====
FAIL: test_disabled_re
gistration_flow (__mai
n__.TestRegistrationFl
ow.test_disabled_regis
tration_flow)
----------------------
----------------------
----------------------
----
Traceback (most 
recent call last):
  File "C:\Users\Admin
\Desktop\students hub\
Studentshub\test_regis
tration.py", line 79, 
in test_disabled_regis
tration_flow
    
self.assertIn(b'has 
been verified and 
approved', 
response.data)
    ~~~~~~~~~~~~~^^^^^
^^^^^^^^^^^^^^^^^^^^^^
^^^^^^^^^^^^^^^^^^^^^^
^
AssertionError: b'has 
been verified and 
approved' not found 
in b'<!DOCTYPE 
html>\n<html lang="en"
>\n\n<head>\n    
<meta 
charset="UTF-8">\n    
<meta name="viewport" 
content="width=device-
width, 
initial-scale=1.0">\n 
   <title>Panun 
School | Student 
Dashboard</title>\n\n 
   <script src="https:
//cdn.tailwindcss.com"
></script>\n\n    
<!-- Google AdSense 
-->\n    <meta name="g
oogle-adsense-account"
 content="ca-pub-46901
38405925118">\n    
<script async src="htt
ps://pagead2.googlesyn
dication.com/pagead/js
/adsbygoogle.js?client
=ca-pub-46901384059251
18"\n        crossorig
in="anonymous"></scrip
t>\n\n    <script 
defer src="https://cdn
.jsdelivr.net/npm/alpi
nejs@3.x.x/dist/cdn.mi
n.js"></script>\n\n   
 <link 
rel="stylesheet" href=
"https://cdnjs.cloudfl
are.com/ajax/libs/font
-awesome/6.4.0/css/all
.min.css">\n\n    
<link href="https://fo
nts.googleapis.com/css
2?family=Outfit:wght@3
00;400;600;700;800&dis
play=swap" 
rel="stylesheet">\n\n 
   <!-- Toastify for 
Notifications -->\n   
 <link 
rel="stylesheet" 
type="text/css" href="
https://cdn.jsdelivr.n
et/npm/toastify-js/src
/toastify.min.css">\n 
   <script type="text/
javascript" src="https
://cdn.jsdelivr.net/np
m/toastify-js"></scrip
t>\n\n    <!-- 
Notification Logic 
-->\n    <script src="
/static/notifications.
js" 
defer></script>\n\n   
 <script>\n        
tailwind.config = {\n 
           theme: {\n 
               
extend: {\n           
         fontFamily: 
{\n                   
     sans: 
[\'Outfit\', 
\'sans-serif\'],\n    
                },\n  
                  
colors: {\n           
             primary: 
\'#4F46E5\', // 
Indigo\n              
          secondary: 
\'#F97316\', // 
Orange\n              
          dark: 
\'#0F172A\', // Slate 
900\n                 
   }\n                
}\n            }\n    
    }\n    
</script>\n\n    
<style>\n        /* 
Custom Scrollbar */\n 
       
::-webkit-scrollbar 
{\n            width: 
6px;\n        }\n\n   
     ::-webkit-scrollb
ar-track {\n          
  background: 
#f8fafc;\n        
}\n\n        ::-webkit
-scrollbar-thumb {\n  
          background: 
#cbd5e1;\n            
border-radius: 
10px;\n        }\n\n  
      ::-webkit-scroll
bar-thumb:hover {\n   
         background: 
#94a3b8;\n        
}\n\n        
.glass-nav {\n        
    background: 
rgba(255, 255, 255, 
0.8);\n            
backdrop-filter: 
blur(12px);\n         
   border-bottom: 1px 
solid rgba(226, 232, 
240, 0.6);\n        
}\n\n        
[x-cloak] {\n         
   display: none 
!important;\n        
}\n    </style>\n</hea
d>\n\n<body 
class="bg-slate-50 
text-slate-800 
antialiased 
min-h-screen flex 
flex-col 
font-sans">\n\n    
<nav class="glass-nav 
fixed w-full z-50 
transition-all 
duration-300 h-20">\n 
       <div 
class="max-w-7xl 
mx-auto px-4 sm:px-6 
lg:px-8 h-full">\n    
        <div 
class="flex 
items-center 
justify-between 
h-full">\n\n          
      <a 
href="/dashboard" 
class="flex 
items-center gap-3 
group">\n             
       <div\n         
               
class="w-10 h-10 
rounded-xl 
bg-gradient-to-br 
from-orange-500 
to-rose-600 flex 
items-center 
justify-center 
text-white shadow-lg 
transition-transform g
roup-hover:scale-110">
\n                    
    <i 
class="fa-solid fa-gra
duation-cap"></i>\n   
                 
</div>\n              
      <span 
class="font-extrabold 
text-2xl 
tracking-tight text-sl
ate-800">Panun<span\n 
                      
     class="text-orang
e-500">School</span></
span>\n               
 </a>\n\n             
   <div class="flex 
items-center 
gap-4">\n\n\n         
           \n         
           <a 
href="/login"\n       
                 
class="text-sm 
font-bold 
text-slate-600 hover:t
ext-orange-600">Login<
/a>\n                 
   \n                
</div>\n\n            
</div>\n        
</div>\n    
</nav>\n\n    <div cla
ss="h-24"></div>\n\n  
  <main 
class="flex-grow 
container mx-auto 
px-4 pb-8 relative 
z-10">\n        \n    
    \n        <div 
class="max-w-4xl 
mx-auto mb-6 
space-y-2 
animate-bounce-in">\n 
           \n         
   <div\n             
   class="flex 
items-center gap-3 
bg-white border-l-4 
border-orange-500 
text-slate-600 px-5 
py-4 rounded-r-xl 
shadow-sm">\n         
       <i 
class="fa-solid 
fa-bell text-orange-50
0"></i>\n             
   <span 
class="font-medium 
text-sm">Please log 
in to access this 
page.</span>\n        
    </div>\n          
  \n        </div>\n  
      \n        \n\n  
      \n<style>\n    
.gradient-bg {\n      
  background: linear-g
radient(135deg, 
#667eea 0%, #764ba2 
100%);\n    }\n\n    
.glass-card {\n       
 background: 
rgba(255, 255, 255, 
0.95);\n        
backdrop-filter: 
blur(10px);\n    
}\n\n    .tab-btn {\n 
       transition: 
all 0.3s ease;\n    
}\n\n    
.tab-btn.active {\n   
     background: linea
r-gradient(135deg, 
#667eea 0%, #764ba2 
100%);\n        
color: white;\n    
}\n\n    .tab-content 
{\n        display: 
none;\n    }\n\n    
.tab-content.active 
{\n        display: 
block;\n        
animation: fadeIn 
0.4s ease;\n    }\n\n 
   @keyframes fadeIn 
{\n        from {\n   
         opacity: 
0;\n            
transform: 
translateY(10px);\n   
     }\n\n        to 
{\n            
opacity: 1;\n         
   transform: 
translateY(0);\n      
  }\n    
}\n</style>\n\n<div 
class="min-h-screen 
flex items-center 
justify-center p-4 
py-12">\n    <div 
class="glass-card 
rounded-3xl 
shadow-2xl w-full 
max-w-md p-8 
md:p-10">\n        
<!-- Header -->\n     
   <div 
class="text-center 
mb-6">\n            
<div\n                
class="inline-flex 
items-center 
justify-center w-16 
h-16 bg-gradient-to-r 
from-purple-500 
to-indigo-600 
rounded-2xl mb-4 
shadow-lg">\n         
       <i 
class="fa-solid 
fa-right-to-bracket 
text-white 
text-2xl"></i>\n      
      </div>\n        
    <h1 
class="text-2xl 
font-bold 
text-gray-800 
mb-2">Welcome 
Back!</h1>\n          
  <p 
class="text-gray-500 
text-sm">Login to 
access your 
dashboard</p>\n       
 </div>\n\n        
<!-- Tab Switcher 
-->\n        <div 
class="flex 
bg-slate-100 p-1.5 
rounded-2xl mb-6">\n  
          <button 
type="button" onclick=
"switchLoginTab(\'stud
ent\')" id="login-tab-
student"\n            
    class="tab-btn 
flex-1 py-3 px-4 
rounded-xl font-bold 
text-sm flex 
items-center 
justify-center gap-2 
active">\n            
    <i 
class="fa-solid fa-use
r-graduate"></i> 
Student\n            
</button>\n           
 <button 
type="button" onclick=
"switchLoginTab(\'tuto
r\')" id="login-tab-tu
tor"\n                
class="tab-btn flex-1 
py-3 px-4 rounded-xl 
font-bold text-sm 
flex items-center 
justify-center gap-2 
text-slate-500 hover:t
ext-slate-700">\n     
           <i 
class="fa-solid fa-cha
lkboard-user"></i> 
Tutor\n            
</button>\n        
</div>\n\n        
<!-- Flash Messages 
-->\n        \n       
 \n        \n        
<div\n            
class="mb-4 p-4 
rounded-xl text-sm 
bg-blue-50 
text-blue-700 border 
border-blue-200">\n   
         <i\n         
       
class="fa-solid 
fa-circle-info 
mr-2"></i>\n          
  Please log in to 
access this page.\n   
     </div>\n        
\n        \n        
\n\n        <!-- 
STUDENT LOGIN FORM 
-->\n        <div id="
login-content-student"
 class="tab-content 
active">\n            
<form method="POST" 
action="/login" 
class="space-y-5">\n  
              <input 
type="hidden" 
name="user_type" 
value="student">\n\n  
              <div>\n 
                   
<label class="block 
text-sm font-medium 
text-gray-600 mb-2">Us
ername</label>\n      
              <div 
class="relative">\n   
                     
<span class="absolute 
left-4 top-1/2 
transform 
-translate-y-1/2 
text-gray-400">\n     
                      
 <i class="fa-solid 
fa-user"></i>\n       
                 
</span>\n             
           <input 
type="text" 
name="username" 
required\n            
                
class="w-full pl-12 
pr-4 py-3 rounded-xl 
border 
border-gray-200 focus:
border-purple-500 
focus:ring-2 
focus:ring-purple-100 
transition-all"\n     
                      
 placeholder="Your 
username">\n          
          </div>\n    
            
</div>\n\n            
    <div>\n           
         <label 
class="block text-sm 
font-medium 
text-gray-600 mb-2">Pa
ssword</label>\n      
              <div 
class="relative">\n   
                     
<span class="absolute 
left-4 top-1/2 
transform 
-translate-y-1/2 
text-gray-400">\n     
                      
 <i class="fa-solid 
fa-lock"></i>\n       
                 
</span>\n             
           <input 
type="password" 
name="password" 
required\n            
                
class="w-full pl-12 
pr-4 py-3 rounded-xl 
border 
border-gray-200 focus:
border-purple-500 
focus:ring-2 
focus:ring-purple-100 
transition-all"\n     
                      
 placeholder="\xe2\x80
\xa2\xe2\x80\xa2\xe2\x
80\xa2\xe2\x80\xa2\xe2
\x80\xa2\xe2\x80\xa2\x
e2\x80\xa2\xe2\x80\xa2
">\n                  
  </div>\n            
    </div>\n\n        
        <button 
type="submit"\n       
             
class="w-full py-4 
bg-gradient-to-r 
from-green-500 
to-emerald-600 
text-white font-bold 
rounded-xl 
hover:from-green-600 
hover:to-emerald-700 
transition-all 
transform 
hover:scale-[1.02] 
shadow-lg flex 
items-center 
justify-center 
gap-2">\n             
       <i 
class="fa-solid fa-rig
ht-to-bracket"></i>\n 
                   
Login as Student\n    
            
</button>\n           
 </form>\n        
</div>\n\n        
<!-- TUTOR LOGIN FORM 
-->\n        <div id="
login-content-tutor" c
lass="tab-content">\n 
           <form 
method="POST" action="
/tutoring/login" 
class="space-y-5">\n  
              <div>\n 
                   
<label class="block 
text-sm font-medium 
text-gray-600 
mb-2">Email 
Address</label>\n     
               <div 
class="relative">\n   
                     
<span class="absolute 
left-4 top-1/2 
transform 
-translate-y-1/2 
text-gray-400">\n     
                      
 <i class="fa-solid 
fa-envelope"></i>\n   
                     
</span>\n             
           <input 
type="email" 
name="email" 
required\n            
                
class="w-full pl-12 
pr-4 py-3 rounded-xl 
border 
border-gray-200 focus:
border-purple-500 
focus:ring-2 
focus:ring-purple-100 
transition-all"\n     
                      
 placeholder="your@ema
il.com">\n            
        </div>\n      
          </div>\n\n  
              <div>\n 
                   
<label class="block 
text-sm font-medium 
text-gray-600 mb-2">Pa
ssword</label>\n      
              <div 
class="relative">\n   
                     
<span class="absolute 
left-4 top-1/2 
transform 
-translate-y-1/2 
text-gray-400">\n     
                      
 <i class="fa-solid 
fa-lock"></i>\n       
                 
</span>\n             
           <input 
type="password" 
name="password" 
required\n            
                
class="w-full pl-12 
pr-4 py-3 rounded-xl 
border 
border-gray-200 focus:
border-purple-500 
focus:ring-2 
focus:ring-purple-100 
transition-all"\n     
                      
 placeholder="\xe2\x80
\xa2\xe2\x80\xa2\xe2\x
80\xa2\xe2\x80\xa2\xe2
\x80\xa2\xe2\x80\xa2\x
e2\x80\xa2\xe2\x80\xa2
">\n                  
  </div>\n            
    </div>\n\n        
        <button 
type="submit"\n       
             
class="w-full py-4 
bg-gradient-to-r 
from-purple-600 
to-indigo-600 
text-white font-bold 
rounded-xl 
hover:from-purple-700 
hover:to-indigo-700 
transition-all 
transform 
hover:scale-[1.02] 
shadow-lg flex 
items-center 
justify-center 
gap-2">\n             
       <i 
class="fa-solid fa-cha
lkboard-user"></i>\n  
                  
Login as Tutor\n      
          </button>\n 
           </form>\n  
      </div>\n\n      
  <!-- Register Link 
-->\n        <div 
class="mt-6 
text-center 
space-y-3">\n         
   <p 
class="text-gray-500 
text-sm">\n           
     Don\'t have an 
account?\n            
    <a 
href="/register" class
="text-purple-600 
font-medium hover:unde
rline">Register 
now</a>\n            
</p>\n            <p 
class="text-gray-400 
text-xs">\n           
     <a href="/" class
="hover:text-purple-60
0 transition-colors">\
xe2\x86\x90 Back to 
Home</a>\n            
</p>\n        
</div>\n    </div>\n</
div>\n\n<script>\n    
function 
switchLoginTab(tab) 
{\n        // Update 
tab buttons\n        d
ocument.getElementById
(\'login-tab-student\'
).classList.remove(\'a
ctive\');\n        doc
ument.getElementById(\
'login-tab-tutor\').cl
assList.remove(\'activ
e\');\n        documen
t.getElementById(\'log
in-tab-student\').clas
sList.add(\'text-slate
-500\', \'hover:text-s
late-700\');\n        
document.getElementByI
d(\'login-tab-tutor\')
.classList.add(\'text-
slate-500\', \'hover:t
ext-slate-700\');\n\n 
       document.getEle
mentById(\'login-tab-\
' + tab).classList.add
(\'active\');\n       
 document.getElementBy
Id(\'login-tab-\' + ta
b).classList.remove(\'
text-slate-500\', \'ho
ver:text-slate-700\');
\n\n        // Update 
content\n        docum
ent.getElementById(\'l
ogin-content-student\'
).classList.remove(\'a
ctive\');\n        doc
ument.getElementById(\
'login-content-tutor\'
).classList.remove(\'a
ctive\');\n        doc
ument.getElementById(\
'login-content-\' + ta
b).classList.add(\'act
ive\');\n    }\n\n    
// Check URL hash or 
query param to 
auto-switch tab\n    d
ocument.addEventListen
er(\'DOMContentLoaded\
', function () {\n    
    if 
(window.location.hash 
=== \'#tutor\' || new 
URLSearchParams(window
.location.search).get(
\'type\') === 
\'tutor\') {\n        
    switchLoginTab(\'t
utor\');\n        }\n 
   });\n</script>\n\n 
   </main>\n\n    
<footer 
class="text-center 
py-8 text-slate-400 
text-xs">\n        
<p>&copy; 2025 Panun 
School. All rights 
reserved.</p>\n    
</footer>\n\n    
<audio id="notificatio
n-sound" src="https://
assets.mixkit.co/activ
e_storage/sfx/2869/286
9-preview.mp3"\n      
  preload="auto"></aud
io>\n</body>\n\n</html
>'

----------------------
----------------------
----------------------
----
Ran 1 test in 0.644s

FAILED (failures=1)
Testing Registration...
Registration successful, user is unverified.
Testing Admin Approval...
